// Jest Snapshot v1, https://goo.gl/fbAQLP

exports[`createMuPdf should create a MuPdf instance 1`] = `
[
  "ready",
  "noExitRuntime",
  "noInitialRun",
  "locateFile",
  "printErr",
  "print",
  "onRuntimeInitialized",
  "documentOutline",
  "inspect",
  "HEAP8",
  "HEAP16",
  "HEAP32",
  "HEAPU8",
  "HEAPU16",
  "HEAPU32",
  "HEAPF32",
  "HEAPF64",
  "preloadedImages",
  "preloadedAudios",
  "___wasm_call_ctors",
  "_malloc",
  "_createContext",
  "_freeContext",
  "_openDocument",
  "_testSetjmp",
  "_saveSetjmp",
  "_free",
  "_freeDocument",
  "_countPages",
  "_drawPageAsHTML",
  "_drawPageAsSVG",
  "_drawPageAsPNG",
  "_drawPageAsPNGRaw",
  "_pageWidth",
  "_pageHeight",
  "_pageLinks",
  "_documentTitle",
  "_loadOutline",
  "_freeOutline",
  "_outlineTitle",
  "_outlinePage",
  "_outlineDown",
  "_outlineNext",
  "_dropDto",
  "_getPageText",
  "_searchPageText",
  "_realloc",
  "___errno_location",
  "_fflush",
  "__get_tzname",
  "__get_daylight",
  "__get_timezone",
  "_setThrew",
  "stackSave",
  "stackRestore",
  "stackAlloc",
  "dynCall_v",
  "dynCall_vi",
  "dynCall_vii",
  "dynCall_viii",
  "dynCall_viiii",
  "dynCall_viiiii",
  "dynCall_viiiiii",
  "dynCall_viiiiiii",
  "dynCall_viiiiiiii",
  "dynCall_viiiiiiiii",
  "dynCall_viiiiiiiiii",
  "dynCall_viiiiiiiiiii",
  "dynCall_viiiiiiiiiiiii",
  "dynCall_viiiiiiif",
  "dynCall_viiiiiiifi",
  "dynCall_viiiiiiifiiifffffiii",
  "dynCall_viiiiiifi",
  "dynCall_viiiiifii",
  "dynCall_viiiif",
  "dynCall_viiiifi",
  "dynCall_viiiiff",
  "dynCall_viiij",
  "dynCall_viiif",
  "dynCall_viiifffffiii",
  "dynCall_viiid",
  "dynCall_viij",
  "dynCall_viiji",
  "dynCall_viif",
  "dynCall_viifi",
  "dynCall_viiff",
  "dynCall_viiffii",
  "dynCall_viifff",
  "dynCall_viifffiiff",
  "dynCall_viiffff",
  "dynCall_viiffffff",
  "dynCall_viid",
  "dynCall_vij",
  "dynCall_vif",
  "dynCall_viff",
  "dynCall_viffi",
  "dynCall_ii",
  "dynCall_iii",
  "dynCall_iiii",
  "dynCall_iiiii",
  "dynCall_iiiiii",
  "dynCall_iiiiiii",
  "dynCall_iiiiiiii",
  "dynCall_iiiiiiiii",
  "dynCall_iiiiiiiiii",
  "dynCall_iiiiiiiiiii",
  "dynCall_iiiiiiiiiiiiii",
  "dynCall_iiiiiiiiiiiiiiiii",
  "dynCall_iiiiiiiij",
  "dynCall_iiiiiiifi",
  "dynCall_iiiiiiji",
  "dynCall_iiiiij",
  "dynCall_iiiiifiiii",
  "dynCall_iiiiiffi",
  "dynCall_iiiiiffii",
  "dynCall_iiiiiffiifiii",
  "dynCall_iiiiifffiiii",
  "dynCall_iiiif",
  "dynCall_iiiifi",
  "dynCall_iiij",
  "dynCall_iiijj",
  "dynCall_iiiffiiiiiii",
  "dynCall_iiiffffiii",
  "dynCall_iiidi",
  "dynCall_iij",
  "dynCall_iif",
  "dynCall_jii",
  "dynCall_jiij",
  "dynCall_fi",
  "dynCall_fii",
  "dynCall_fiii",
  "dynCall_fiiii",
  "dynCall_fiiiii",
  "dynCall_fiiifiif",
  "dynCall_ffi",
  "___set_stack_limit",
  "__growWasmMemory",
  "dynCall_viiiiiiiiiiiiiiiiiii",
  "dynCall_viiffffi",
  "dynCall_fif",
  "dynCall_jji",
  "dynCall_iji",
  "dynCall_diiid",
  "dynCall_iidi",
  "dynCall_iiji",
  "dynCall_jiji",
  "dynCall_iiiiiiiiiiii",
  "dynCall_iidiiii",
  "intArrayFromString",
  "intArrayToString",
  "ccall",
  "cwrap",
  "setValue",
  "getValue",
  "allocate",
  "getMemory",
  "UTF8ArrayToString",
  "UTF8ToString",
  "stringToUTF8Array",
  "stringToUTF8",
  "lengthBytesUTF8",
  "stackTrace",
  "addOnPreRun",
  "addOnInit",
  "addOnPreMain",
  "addOnExit",
  "addOnPostRun",
  "writeStringToMemory",
  "writeArrayToMemory",
  "writeAsciiToMemory",
  "addRunDependency",
  "removeRunDependency",
  "FS_createFolder",
  "FS_createPath",
  "FS_createDataFile",
  "FS_createPreloadedFile",
  "FS_createLazyFile",
  "FS_createLink",
  "FS_createDevice",
  "FS_unlink",
  "dynamicAlloc",
  "loadDynamicLibrary",
  "loadWebAssemblyModule",
  "getLEB",
  "getFunctionTables",
  "alignFunctionTables",
  "registerFunctions",
  "addFunction",
  "removeFunction",
  "getFuncWrapper",
  "prettyPrint",
  "makeBigInt",
  "dynCall",
  "getCompilerSetting",
  "getTempRet0",
  "setTempRet0",
  "callMain",
  "abort",
  "stringToNewUTF8",
  "emscripten_realloc_buffer",
  "ENV",
  "ERRNO_CODES",
  "ERRNO_MESSAGES",
  "setErrNo",
  "DNS",
  "GAI_ERRNO_MESSAGES",
  "Protocols",
  "Sockets",
  "UNWIND_CACHE",
  "readAsmConstArgs",
  "jstoi_q",
  "jstoi_s",
  "abortStackOverflow",
  "reallyNegative",
  "formatString",
  "PATH",
  "PATH_FS",
  "SYSCALLS",
  "syscallMmap2",
  "syscallMunmap",
  "JSEvents",
  "specialHTMLTargets",
  "demangle",
  "demangleAll",
  "jsStackTrace",
  "getEnvStrings",
  "checkWasiClock",
  "writeI53ToI64",
  "writeI53ToI64Clamped",
  "writeI53ToI64Signaling",
  "writeI53ToU64Clamped",
  "writeI53ToU64Signaling",
  "readI53FromI64",
  "readI53FromU64",
  "convertI32PairToI53",
  "convertU32PairToI53",
  "Browser",
  "FS",
  "MEMFS",
  "TTY",
  "PIPEFS",
  "SOCKFS",
  "GL",
  "emscriptenWebGLGet",
  "emscriptenWebGLGetTexPixelData",
  "emscriptenWebGLGetUniform",
  "emscriptenWebGLGetVertexAttrib",
  "AL",
  "SDL_unicode",
  "SDL_ttfContext",
  "SDL_audio",
  "SDL",
  "SDL_gfx",
  "GLUT",
  "EGL",
  "GLFW_Window",
  "GLFW",
  "GLEW",
  "IDBStore",
  "runAndAbortIfError",
  "warnOnce",
  "AsciiToString",
  "stringToAscii",
  "UTF16ToString",
  "stringToUTF16",
  "lengthBytesUTF16",
  "UTF32ToString",
  "stringToUTF32",
  "lengthBytesUTF32",
  "allocateUTF8",
  "allocateUTF8OnStack",
  "writeStackCookie",
  "checkStackCookie",
  "run",
  "asm",
  "calledRun",
  "stdin",
  "stdout",
  "stderr",
  "setLogger",
  "createContext",
  "freeContext",
  "openDocument",
  "freeDocument",
  "documentTitle",
  "countPages",
  "pageWidth",
  "pageHeight",
  "pageLinks",
  "drawPageAsPNGRaw",
  "drawPageAsPNG",
  "drawPageAsHTML",
  "drawPageAsSVG",
  "loadOutline",
  "freeOutline",
  "outlineTitle",
  "outlinePage",
  "outlineDown",
  "outlineNext",
  "getPageText",
  "searchPageText",
  "ctx",
  "load",
]
`;
