// Jest Snapshot v1, https://goo.gl/fbAQLP

exports[`drawPageAsPNG Page [1 / 4] - should return a b64 encoded png file 1`] = `"12a44168274dc87f91e37aa61d66ac41"`;

exports[`drawPageAsPNG Page [2 / 4] - should return a b64 encoded png file 1`] = `"768243e999e4ca3bff7ab935cef3f286"`;

exports[`drawPageAsPNG Page [3 / 4] - should return a b64 encoded png file 1`] = `"cd56037f422fe6a80ecc484d2086be6b"`;

exports[`drawPageAsPNG Page [4 / 4] - should return a b64 encoded png file 1`] = `"925f0c52022f319b246e83948156550d"`;
