// Jest Snapshot v1, https://goo.gl/fbAQLP

exports[`drawPageAsSVG Page [1 / 4] - should return an svg string 1`] = `"cea115816191b0ac3840082bf3202a80"`;

exports[`drawPageAsSVG Page [2 / 4] - should return an svg string 1`] = `"ccad4c4e2ad07dce915f3f39b3d3c644"`;

exports[`drawPageAsSVG Page [3 / 4] - should return an svg string 1`] = `"404694dd209f7c8702bfc018fc3497ac"`;

exports[`drawPageAsSVG Page [4 / 4] - should return an svg string 1`] = `"33119084554b40041b6fc768479217a3"`;
