// Jest Snapshot v1, https://goo.gl/fbAQLP

exports[`pageHeight Page [1 / 4] - should return the page height 1`] = `792`;

exports[`pageHeight Page [2 / 4] - should return the page height 1`] = `792`;

exports[`pageHeight Page [3 / 4] - should return the page height 1`] = `792`;

exports[`pageHeight Page [4 / 4] - should return the page height 1`] = `792`;
