// Jest Snapshot v1, https://goo.gl/fbAQLP

exports[`searchPageText Page [1 / 4] - should search the page text 1`] = `
[
  {
    "h": undefined,
    "isContinuation": false,
    "w": undefined,
    "x": NaN,
    "y": undefined,
  },
]
`;

exports[`searchPageText Page [2 / 4] - should search the page text 1`] = `
[
  {
    "h": 17.862,
    "isContinuation": true,
    "w": 36.84198,
    "x": 130,
    "y": 337.889435,
  },
  {
    "h": 17.86203,
    "isContinuation": true,
    "w": 32.5,
    "x": 380.056335,
    "y": 503.197479,
  },
]
`;

exports[`searchPageText Page [3 / 4] - should search the page text 1`] = `
[
  {
    "h": undefined,
    "isContinuation": false,
    "w": undefined,
    "x": NaN,
    "y": undefined,
  },
]
`;

exports[`searchPageText Page [4 / 4] - should search the page text 1`] = `
[
  {
    "h": undefined,
    "isContinuation": false,
    "w": undefined,
    "x": NaN,
    "y": undefined,
  },
]
`;
